
brons@DESKTOP-D71FL02 MINGW64 ~/Desktop/UCI-DATA-VIS/first git
$ git clone git@github.com:blauper/example_repo.git
Cloning into 'example_repo'...
Enter passphrase for key '/c/Users/brons/.ssh/id_rsa':
remote: Enumerating objects: 3, done.
remote: Counting objects: 100% (3/3), done.
remote: Total 3 (delta 0), reused 0 (delta 0), pack-reused 0
Receiving objects: 100% (3/3), done.

brons@DESKTOP-D71FL02 MINGW64 ~/Desktop/UCI-DATA-VIS/first git
$ ls
example_repo/

brons@DESKTOP-D71FL02 MINGW64 ~/Desktop/UCI-DATA-VIS/first git
$ cd example_repo/                                                                                                      
brons@DESKTOP-D71FL02 MINGW64 ~/Desktop/UCI-DATA-VIS/first git/example_repo (master)
$ ls
first_file.txt  README.md

brons@DESKTOP-D71FL02 MINGW64 ~/Desktop/UCI-DATA-VIS/first git/example_repo (master)
$ ls
first_file.txt  README.md  text_file.txt

brons@DESKTOP-D71FL02 MINGW64 ~/Desktop/UCI-DATA-VIS/first git/example_repo (master)
$ git status
On branch master
Your branch is up to date with 'origin/master'.

Untracked files:
  (use "git add <file>..." to include in what will be committed)
        first_file.txt
        text_file.txt

nothing added to commit but untracked files present (use "git add" to track)

brons@DESKTOP-D71FL02 MINGW64 ~/Desktop/UCI-DATA-VIS/first git/example_repo (master)
$ git add .
warning: CRLF will be replaced by LF in first_file.txt.
The file will have its original line endings in your working directory

brons@DESKTOP-D71FL02 MINGW64 ~/Desktop/UCI-DATA-VIS/first git/example_repo (master)
$ git status
On branch master
Your branch is up to date with 'origin/master'.

Changes to be committed:
  (use "git restore --staged <file>..." to unstage)
        new file:   first_file.txt
        new file:   text_file.txt


brons@DESKTOP-D71FL02 MINGW64 ~/Desktop/UCI-DATA-VIS/first git/example_repo (master)
$ git commit -m "text_file"
[master 0818bc9] text_file
 2 files changed, 9 insertions(+)
 create mode 100644 first_file.txt
 create mode 100644 text_file.txt

brons@DESKTOP-D71FL02 MINGW64 ~/Desktop/UCI-DATA-VIS/first git/example_repo (master)
$ git push origin master                                                                                                Enter passphrase for key '/c/Users/brons/.ssh/id_rsa':
Enumerating objects: 5, done.
Counting objects: 100% (5/5), done.
Delta compression using up to 8 threads
Compressing objects: 100% (3/3), done.
Writing objects: 100% (4/4), 591 bytes | 591.00 KiB/s, done.
Total 4 (delta 0), reused 0 (delta 0)
To github.com:blauper/example_repo.git
   dad0549..0818bc9  master -> master

brons@DESKTOP-D71FL02 MINGW64 ~/Desktop/UCI-DATA-VIS/first git/example_repo (master)
$